[
  {
    "_id": "1",
    "is-vip": true
  },
  {
    "_id": "2",
    "is-vip": true
  }
]
